// Vitest Snapshot v1, https://vitest.dev/guide/snapshot.html

exports[`registryResolveItemTree > should resolve index 1`] = `
{
  "cssVars": {
    "dark": {},
    "light": {
      "radius": "0.5rem",
    },
  },
  "dependencies": [
    "tailwindcss-animate",
    "class-variance-authority",
    "lucide-vue-next",
    "clsx",
    "tailwind-merge",
    "reka-ui",
  ],
  "devDependencies": [],
  "docs": "",
  "files": [
    {
      "content": "import type { Updater } from '@tanstack/vue-table'
import type { Ref } from 'vue'
import { type ClassValue, clsx } from 'clsx'
import { twMerge } from 'tailwind-merge'

export function cn(...inputs: ClassValue[]) {
  return twMerge(clsx(inputs))
}

export function valueUpdater<T extends Updater<any>>(updaterOrValue: T, ref: Ref) {
  ref.value
    = typeof updaterOrValue === 'function'
      ? updaterOrValue(ref.value)
      : updaterOrValue
}
",
      "path": "lib/utils.ts",
      "target": "",
      "type": "registry:lib",
    },
    {
      "content": "<script setup lang="ts">
import { cn } from '@/lib/utils'
import { Label, type LabelProps } from 'reka-ui'
import { computed, type HTMLAttributes } from 'vue'

const props = defineProps<LabelProps & { class?: HTMLAttributes['class'] }>()

const delegatedProps = computed(() => {
  const { class: _, ...delegated } = props

  return delegated
})
</script>

<template>
  <Label
    v-bind="delegatedProps"
    :class="
      cn(
        'text-sm font-medium leading-none peer-disabled:cursor-not-allowed peer-disabled:opacity-70',
        props.class,
      )
    "
  >
    <slot />
  </Label>
</template>
",
      "path": "ui/label/Label.vue",
      "target": "",
      "type": "registry:ui",
    },
    {
      "content": "export { default as Label } from './Label.vue'
",
      "path": "ui/label/index.ts",
      "target": "",
      "type": "registry:ui",
    },
  ],
  "tailwind": {
    "config": {
      "plugins": [
        "require("tailwindcss-animate")",
      ],
      "theme": {
        "extend": {
          "borderRadius": {
            "lg": "var(--radius)",
            "md": "calc(var(--radius) - 2px)",
            "sm": "calc(var(--radius) - 4px)",
          },
          "colors": {},
        },
      },
    },
  },
}
`;

exports[`registryResolveItemTree > should resolve items tree 1`] = `
{
  "cssVars": {},
  "dependencies": [
    "reka-ui",
    "clsx",
    "tailwind-merge",
  ],
  "devDependencies": [],
  "docs": "",
  "files": [
    {
      "content": "<script setup lang="ts">
import type { HTMLAttributes } from 'vue'
import { cn } from '@/lib/utils'
import { Primitive, type PrimitiveProps } from 'reka-ui'
import { type ButtonVariants, buttonVariants } from '.'

interface Props extends PrimitiveProps {
  variant?: ButtonVariants['variant']
  size?: ButtonVariants['size']
  class?: HTMLAttributes['class']
}

const props = withDefaults(defineProps<Props>(), {
  as: 'button',
})
</script>

<template>
  <Primitive
    :as="as"
    :as-child="asChild"
    :class="cn(buttonVariants({ variant, size }), props.class)"
  >
    <slot />
  </Primitive>
</template>
",
      "path": "ui/button/Button.vue",
      "target": "",
      "type": "registry:ui",
    },
    {
      "content": "import { cva, type VariantProps } from 'class-variance-authority'

export { default as Button } from './Button.vue'

export const buttonVariants = cva(
  'inline-flex items-center justify-center gap-2 whitespace-nowrap rounded-md text-sm font-medium transition-colors focus-visible:outline-none focus-visible:ring-1 focus-visible:ring-ring disabled:pointer-events-none disabled:opacity-50 [&_svg]:pointer-events-none [&_svg]:size-4 [&_svg]:shrink-0',
  {
    variants: {
      variant: {
        default: 'bg-primary text-primary-foreground shadow hover:bg-primary/90',
        destructive:
          'bg-destructive text-destructive-foreground shadow-sm hover:bg-destructive/90',
        outline:
          'border border-input bg-background shadow-sm hover:bg-accent hover:text-accent-foreground',
        secondary:
          'bg-secondary text-secondary-foreground shadow-sm hover:bg-secondary/80',
        ghost: 'hover:bg-accent hover:text-accent-foreground',
        link: 'text-primary underline-offset-4 hover:underline',
      },
      size: {
        default: 'h-9 px-4 py-2',
        xs: 'h-7 rounded px-2',
        sm: 'h-8 rounded-md px-3 text-xs',
        lg: 'h-10 rounded-md px-8',
        icon: 'h-9 w-9',
      },
    },
    defaultVariants: {
      variant: 'default',
      size: 'default',
    },
  },
)

export type ButtonVariants = VariantProps<typeof buttonVariants>
",
      "path": "ui/button/index.ts",
      "target": "",
      "type": "registry:ui",
    },
    {
      "content": "import type { Updater } from '@tanstack/vue-table'
import type { Ref } from 'vue'
import { type ClassValue, clsx } from 'clsx'
import { twMerge } from 'tailwind-merge'

export function cn(...inputs: ClassValue[]) {
  return twMerge(clsx(inputs))
}

export function valueUpdater<T extends Updater<any>>(updaterOrValue: T, ref: Ref) {
  ref.value
    = typeof updaterOrValue === 'function'
      ? updaterOrValue(ref.value)
      : updaterOrValue
}
",
      "path": "lib/utils.ts",
      "target": "",
      "type": "registry:lib",
    },
  ],
  "tailwind": {},
}
`;

exports[`registryResolveItemTree > should resolve multiple items tree 1`] = `
{
  "cssVars": {},
  "dependencies": [
    "reka-ui",
    "clsx",
    "tailwind-merge",
    "@vueuse/core",
  ],
  "devDependencies": [],
  "docs": "",
  "files": [
    {
      "content": "<script setup lang="ts">
import type { HTMLAttributes } from 'vue'
import { cn } from '@/lib/utils'
import { Primitive, type PrimitiveProps } from 'reka-ui'
import { type ButtonVariants, buttonVariants } from '.'

interface Props extends PrimitiveProps {
  variant?: ButtonVariants['variant']
  size?: ButtonVariants['size']
  class?: HTMLAttributes['class']
}

const props = withDefaults(defineProps<Props>(), {
  as: 'button',
})
</script>

<template>
  <Primitive
    :as="as"
    :as-child="asChild"
    :class="cn(buttonVariants({ variant, size }), props.class)"
  >
    <slot />
  </Primitive>
</template>
",
      "path": "ui/button/Button.vue",
      "target": "",
      "type": "registry:ui",
    },
    {
      "content": "import { cva, type VariantProps } from 'class-variance-authority'

export { default as Button } from './Button.vue'

export const buttonVariants = cva(
  'inline-flex items-center justify-center gap-2 whitespace-nowrap rounded-md text-sm font-medium ring-offset-background transition-colors focus-visible:outline-none focus-visible:ring-2 focus-visible:ring-ring focus-visible:ring-offset-2 disabled:pointer-events-none disabled:opacity-50 [&_svg]:pointer-events-none [&_svg]:size-4 [&_svg]:shrink-0',
  {
    variants: {
      variant: {
        default:
          'bg-primary text-primary-foreground shadow hover:bg-primary/90',
        destructive:
          'bg-destructive text-destructive-foreground shadow-sm hover:bg-destructive/90',
        outline:
          'border border-input bg-background shadow-sm hover:bg-accent hover:text-accent-foreground',
        secondary:
          'bg-secondary text-secondary-foreground shadow-sm hover:bg-secondary/80',
        ghost: 'hover:bg-accent hover:text-accent-foreground',
        link: 'text-primary underline-offset-4 hover:underline',
      },
      size: {
        default: 'h-9 px-4 py-2',
        sm: 'h-8 rounded-md px-3 text-xs',
        lg: 'h-10 rounded-md px-8',
        icon: 'h-9 w-9',
      },
    },
    defaultVariants: {
      variant: 'default',
      size: 'default',
    },
  },
)

export type ButtonVariants = VariantProps<typeof buttonVariants>
",
      "path": "ui/button/index.ts",
      "target": "",
      "type": "registry:ui",
    },
    {
      "content": "import type { Updater } from '@tanstack/vue-table'
import type { Ref } from 'vue'
import { type ClassValue, clsx } from 'clsx'
import { twMerge } from 'tailwind-merge'

export function cn(...inputs: ClassValue[]) {
  return twMerge(clsx(inputs))
}

export function valueUpdater<T extends Updater<any>>(updaterOrValue: T, ref: Ref) {
  ref.value
    = typeof updaterOrValue === 'function'
      ? updaterOrValue(ref.value)
      : updaterOrValue
}
",
      "path": "lib/utils.ts",
      "target": "",
      "type": "registry:lib",
    },
    {
      "content": "<script setup lang="ts">
import type { HTMLAttributes } from 'vue'
import { cn } from '@/lib/utils'
import { useVModel } from '@vueuse/core'

const props = defineProps<{
  defaultValue?: string | number
  modelValue?: string | number
  class?: HTMLAttributes['class']
}>()

const emits = defineEmits<{
  (e: 'update:modelValue', payload: string | number): void
}>()

const modelValue = useVModel(props, 'modelValue', emits, {
  passive: true,
  defaultValue: props.defaultValue,
})
</script>

<template>
  <input v-model="modelValue" :class="cn('flex h-10 w-full rounded-md border border-input bg-background px-3 py-2 text-sm ring-offset-background file:border-0 file:bg-transparent file:text-sm file:font-medium placeholder:text-muted-foreground focus-visible:outline-none focus-visible:ring-2 focus-visible:ring-ring focus-visible:ring-offset-2 disabled:cursor-not-allowed disabled:opacity-50', props.class)">
</template>
",
      "path": "ui/input/Input.vue",
      "target": "",
      "type": "registry:ui",
    },
    {
      "content": "export { default as Input } from './Input.vue'
",
      "path": "ui/input/index.ts",
      "target": "",
      "type": "registry:ui",
    },
    {
      "content": "<script setup lang="ts">
import type { ListboxRootEmits, ListboxRootProps } from 'reka-ui'
import { cn } from '@/lib/utils'
import { ListboxRoot, useFilter, useForwardPropsEmits } from 'reka-ui'
import { computed, type HTMLAttributes, reactive, ref, watch } from 'vue'
import { provideCommandContext } from '.'

const props = withDefaults(defineProps<ListboxRootProps & { class?: HTMLAttributes['class'] }>(), {
  modelValue: '',
})

const emits = defineEmits<ListboxRootEmits>()

const delegatedProps = computed(() => {
  const { class: _, ...delegated } = props

  return delegated
})

const forwarded = useForwardPropsEmits(delegatedProps, emits)

const allItems = ref<Map<string, string>>(new Map())
const allGroups = ref<Map<string, Set<string>>>(new Map())

const { contains } = useFilter({ sensitivity: 'base' })
const filterState = reactive({
  search: '',
  filtered: {
    /** The count of all visible items. */
    count: 0,
    /** Map from visible item id to its search score. */
    items: new Map() as Map<string, number>,
    /** Set of groups with at least one visible item. */
    groups: new Set() as Set<string>,
  },
})

function filterItems() {
  if (!filterState.search) {
    filterState.filtered.count = allItems.value.size
    // Do nothing, each item will know to show itself because search is empty
    return
  }

  // Reset the groups
  filterState.filtered.groups = new Set()
  let itemCount = 0

  // Check which items should be included
  for (const [id, value] of allItems.value) {
    const score = contains(value, filterState.search)
    filterState.filtered.items.set(id, score ? 1 : 0)
    if (score)
      itemCount++
  }

  // Check which groups have at least 1 item shown
  for (const [groupId, group] of allGroups.value) {
    for (const itemId of group) {
      if (filterState.filtered.items.get(itemId)! > 0) {
        filterState.filtered.groups.add(groupId)
        break
      }
    }
  }

  filterState.filtered.count = itemCount
}

function handleSelect() {
  filterState.search = ''
}

watch(() => filterState.search, () => {
  filterItems()
})

provideCommandContext({
  allItems,
  allGroups,
  filterState,
})
</script>

<template>
  <ListboxRoot
    v-bind="forwarded"
    :class="cn('flex h-full w-full flex-col overflow-hidden rounded-md bg-popover text-popover-foreground', props.class)"
  >
    <slot />
  </ListboxRoot>
</template>
",
      "path": "ui/command/Command.vue",
      "target": "",
      "type": "registry:ui",
    },
    {
      "content": "<script setup lang="ts">
import type { DialogRootEmits, DialogRootProps } from 'reka-ui'
import { Dialog, DialogContent } from '@/registry/default/ui/dialog'
import { useForwardPropsEmits } from 'reka-ui'
import Command from './Command.vue'

const props = defineProps<DialogRootProps>()
const emits = defineEmits<DialogRootEmits>()

const forwarded = useForwardPropsEmits(props, emits)
</script>

<template>
  <Dialog v-bind="forwarded">
    <DialogContent class="overflow-hidden p-0 shadow-lg">
      <Command class="[&_[cmdk-group-heading]]:px-2 [&_[cmdk-group-heading]]:font-medium [&_[cmdk-group-heading]]:text-muted-foreground [&_[cmdk-group]:not([hidden])_~[cmdk-group]]:pt-0 [&_[cmdk-group]]:px-2 [&_[cmdk-input-wrapper]_svg]:h-5 [&_[cmdk-input-wrapper]_svg]:w-5 [&_[cmdk-input]]:h-12 [&_[cmdk-item]]:px-2 [&_[cmdk-item]]:py-3 [&_[cmdk-item]_svg]:h-5 [&_[cmdk-item]_svg]:w-5">
        <slot />
      </Command>
    </DialogContent>
  </Dialog>
</template>
",
      "path": "ui/command/CommandDialog.vue",
      "target": "",
      "type": "registry:ui",
    },
    {
      "content": "<script setup lang="ts">
import type { PrimitiveProps } from 'reka-ui'
import { cn } from '@/lib/utils'
import { Primitive } from 'reka-ui'
import { computed, type HTMLAttributes } from 'vue'
import { useCommand } from '.'

const props = defineProps<PrimitiveProps & { class?: HTMLAttributes['class'] }>()

const delegatedProps = computed(() => {
  const { class: _, ...delegated } = props

  return delegated
})

const { filterState } = useCommand()
const isRender = computed(() => !!filterState.search && filterState.filtered.count === 0,
)
</script>

<template>
  <Primitive v-if="isRender" v-bind="delegatedProps" :class="cn('py-6 text-center text-sm', props.class)">
    <slot />
  </Primitive>
</template>
",
      "path": "ui/command/CommandEmpty.vue",
      "target": "",
      "type": "registry:ui",
    },
    {
      "content": "<script setup lang="ts">
import type { ListboxGroupProps } from 'reka-ui'
import { cn } from '@/lib/utils'
import { ListboxGroup, ListboxGroupLabel, useId } from 'reka-ui'
import { computed, type HTMLAttributes, onMounted, onUnmounted } from 'vue'
import { provideCommandGroupContext, useCommand } from '.'

const props = defineProps<ListboxGroupProps & {
  class?: HTMLAttributes['class']
  heading?: string
}>()

const delegatedProps = computed(() => {
  const { class: _, ...delegated } = props

  return delegated
})

const { allGroups, filterState } = useCommand()
const id = useId()

const isRender = computed(() => !filterState.search ? true : filterState.filtered.groups.has(id))

provideCommandGroupContext({ id })
onMounted(() => {
  if (!allGroups.value.has(id))
    allGroups.value.set(id, new Set())
})
onUnmounted(() => {
  allGroups.value.delete(id)
})
</script>

<template>
  <ListboxGroup
    v-bind="delegatedProps"
    :id="id"
    :class="cn('overflow-hidden p-1 text-foreground [&_[cmdk-group-heading]]:px-2 [&_[cmdk-group-heading]]:py-1.5 [&_[cmdk-group-heading]]:text-xs [&_[cmdk-group-heading]]:font-medium [&_[cmdk-group-heading]]:text-muted-foreground', props.class)"
    :hidden="isRender ? undefined : true"
  >
    <ListboxGroupLabel v-if="heading" class="px-2 py-1.5 text-xs font-medium text-muted-foreground">
      {{ heading }}
    </ListboxGroupLabel>
    <slot />
  </ListboxGroup>
</template>
",
      "path": "ui/command/CommandGroup.vue",
      "target": "",
      "type": "registry:ui",
    },
    {
      "content": "<script setup lang="ts">
import { cn } from '@/lib/utils'
import { Search } from 'lucide-vue-next'
import { ListboxFilter, type ListboxFilterProps, useForwardProps } from 'reka-ui'
import { computed, type HTMLAttributes } from 'vue'
import { useCommand } from '.'

defineOptions({
  inheritAttrs: false,
})

const props = defineProps<ListboxFilterProps & {
  class?: HTMLAttributes['class']
}>()

const delegatedProps = computed(() => {
  const { class: _, ...delegated } = props

  return delegated
})

const forwardedProps = useForwardProps(delegatedProps)

const { filterState } = useCommand()
</script>

<template>
  <div class="flex items-center border-b px-3" cmdk-input-wrapper>
    <Search class="mr-2 h-4 w-4 shrink-0 opacity-50" />
    <ListboxFilter
      v-bind="{ ...forwardedProps, ...$attrs }"
      v-model="filterState.search"
      auto-focus
      :class="cn('flex h-10 w-full rounded-md bg-transparent py-3 text-sm outline-none placeholder:text-muted-foreground disabled:cursor-not-allowed disabled:opacity-50', props.class)"
    />
  </div>
</template>
",
      "path": "ui/command/CommandInput.vue",
      "target": "",
      "type": "registry:ui",
    },
    {
      "content": "<script setup lang="ts">
import type { ListboxItemEmits, ListboxItemProps } from 'reka-ui'
import { cn } from '@/lib/utils'
import { useCurrentElement } from '@vueuse/core'
import { ListboxItem, useForwardPropsEmits, useId } from 'reka-ui'
import { computed, type HTMLAttributes, onMounted, onUnmounted, ref } from 'vue'
import { useCommand, useCommandGroup } from '.'

const props = defineProps<ListboxItemProps & { class?: HTMLAttributes['class'] }>()
const emits = defineEmits<ListboxItemEmits>()

const delegatedProps = computed(() => {
  const { class: _, ...delegated } = props

  return delegated
})

const forwarded = useForwardPropsEmits(delegatedProps, emits)

const id = useId()
const { filterState, allItems, allGroups } = useCommand()
const groupContext = useCommandGroup()

const isRender = computed(() => {
  if (!filterState.search) {
    return true
  }
  else {
    const filteredCurrentItem = filterState.filtered.items.get(id)
    // If the filtered items is undefined means not in the all times map yet
    // Do the first render to add into the map
    if (filteredCurrentItem === undefined) {
      return true
    }

    // Check with filter
    return filteredCurrentItem > 0
  }
})

const itemRef = ref()
const currentElement = useCurrentElement(itemRef)
onMounted(() => {
  if (!(currentElement.value instanceof HTMLElement))
    return

  // textValue to perform filter
  allItems.value.set(id, currentElement.value.textContent ?? props.value.toString())

  const groupId = groupContext?.id
  if (groupId) {
    if (!allGroups.value.has(groupId)) {
      allGroups.value.set(groupId, new Set([id]))
    }
    else {
      allGroups.value.get(groupId)?.add(id)
    }
  }
})
onUnmounted(() => {
  allItems.value.delete(id)
})
</script>

<template>
  <ListboxItem
    v-if="isRender"
    v-bind="forwarded"
    :id="id"
    ref="itemRef"
    :class="cn('relative flex cursor-default gap-2 select-none items-center rounded-sm px-2 py-1.5 text-sm outline-none data-[highlighted]:bg-accent data-[highlighted]:text-accent-foreground data-[disabled]:pointer-events-none data-[disabled]:opacity-50 [&_svg]:size-4 [&_svg]:shrink-0', props.class)"
    @select="() => {
      filterState.search = ''
    }"
  >
    <slot />
  </ListboxItem>
</template>
",
      "path": "ui/command/CommandItem.vue",
      "target": "",
      "type": "registry:ui",
    },
    {
      "content": "<script setup lang="ts">
import type { ListboxContentProps } from 'reka-ui'
import { cn } from '@/lib/utils'
import { ListboxContent, useForwardProps } from 'reka-ui'
import { computed, type HTMLAttributes } from 'vue'

const props = defineProps<ListboxContentProps & { class?: HTMLAttributes['class'] }>()

const delegatedProps = computed(() => {
  const { class: _, ...delegated } = props

  return delegated
})

const forwarded = useForwardProps(delegatedProps)
</script>

<template>
  <ListboxContent v-bind="forwarded" :class="cn('max-h-[300px] overflow-y-auto overflow-x-hidden', props.class)">
    <div role="presentation">
      <slot />
    </div>
  </ListboxContent>
</template>
",
      "path": "ui/command/CommandList.vue",
      "target": "",
      "type": "registry:ui",
    },
    {
      "content": "<script setup lang="ts">
import type { SeparatorProps } from 'reka-ui'
import { cn } from '@/lib/utils'
import { Separator } from 'reka-ui'
import { computed, type HTMLAttributes } from 'vue'

const props = defineProps<SeparatorProps & { class?: HTMLAttributes['class'] }>()

const delegatedProps = computed(() => {
  const { class: _, ...delegated } = props

  return delegated
})
</script>

<template>
  <Separator
    v-bind="delegatedProps"
    :class="cn('-mx-1 h-px bg-border', props.class)"
  >
    <slot />
  </Separator>
</template>
",
      "path": "ui/command/CommandSeparator.vue",
      "target": "",
      "type": "registry:ui",
    },
    {
      "content": "<script setup lang="ts">
import type { HTMLAttributes } from 'vue'
import { cn } from '@/lib/utils'

const props = defineProps<{
  class?: HTMLAttributes['class']
}>()
</script>

<template>
  <span :class="cn('ml-auto text-xs tracking-widest text-muted-foreground', props.class)">
    <slot />
  </span>
</template>
",
      "path": "ui/command/CommandShortcut.vue",
      "target": "",
      "type": "registry:ui",
    },
    {
      "content": "import type { Ref } from 'vue'
import { createContext } from 'reka-ui'

export { default as Command } from './Command.vue'
export { default as CommandDialog } from './CommandDialog.vue'
export { default as CommandEmpty } from './CommandEmpty.vue'
export { default as CommandGroup } from './CommandGroup.vue'
export { default as CommandInput } from './CommandInput.vue'
export { default as CommandItem } from './CommandItem.vue'
export { default as CommandList } from './CommandList.vue'
export { default as CommandSeparator } from './CommandSeparator.vue'
export { default as CommandShortcut } from './CommandShortcut.vue'

export const [useCommand, provideCommandContext] = createContext<{
  allItems: Ref<Map<string, string>>
  allGroups: Ref<Map<string, Set<string>>>
  filterState: {
    search: string
    filtered: { count: number, items: Map<string, number>, groups: Set<string> }
  }
}>('Command')

export const [useCommandGroup, provideCommandGroupContext] = createContext<{
  id?: string
}>('CommandGroup')
",
      "path": "ui/command/index.ts",
      "target": "",
      "type": "registry:ui",
    },
    {
      "content": "<script setup lang="ts">
import { DialogRoot, type DialogRootEmits, type DialogRootProps, useForwardPropsEmits } from 'reka-ui'

const props = defineProps<DialogRootProps>()
const emits = defineEmits<DialogRootEmits>()

const forwarded = useForwardPropsEmits(props, emits)
</script>

<template>
  <DialogRoot v-bind="forwarded">
    <slot />
  </DialogRoot>
</template>
",
      "path": "ui/dialog/Dialog.vue",
      "target": "",
      "type": "registry:ui",
    },
    {
      "content": "<script setup lang="ts">
import { DialogClose, type DialogCloseProps } from 'reka-ui'

const props = defineProps<DialogCloseProps>()
</script>

<template>
  <DialogClose v-bind="props">
    <slot />
  </DialogClose>
</template>
",
      "path": "ui/dialog/DialogClose.vue",
      "target": "",
      "type": "registry:ui",
    },
    {
      "content": "<script setup lang="ts">
import { cn } from '@/lib/utils'
import { X } from 'lucide-vue-next'
import {
  DialogClose,
  DialogContent,
  type DialogContentEmits,
  type DialogContentProps,
  DialogOverlay,
  DialogPortal,
  useForwardPropsEmits,
} from 'reka-ui'
import { computed, type HTMLAttributes } from 'vue'

const props = defineProps<DialogContentProps & { class?: HTMLAttributes['class'] }>()
const emits = defineEmits<DialogContentEmits>()

const delegatedProps = computed(() => {
  const { class: _, ...delegated } = props

  return delegated
})

const forwarded = useForwardPropsEmits(delegatedProps, emits)
</script>

<template>
  <DialogPortal>
    <DialogOverlay
      class="fixed inset-0 z-50 bg-black/80  data-[state=open]:animate-in data-[state=closed]:animate-out data-[state=closed]:fade-out-0 data-[state=open]:fade-in-0"
    />
    <DialogContent
      v-bind="forwarded"
      :class="
        cn(
          'fixed left-1/2 top-1/2 z-50 grid w-full max-w-lg -translate-x-1/2 -translate-y-1/2 gap-4 border bg-background p-6 shadow-lg duration-200 data-[state=open]:animate-in data-[state=closed]:animate-out data-[state=closed]:fade-out-0 data-[state=open]:fade-in-0 data-[state=closed]:zoom-out-95 data-[state=open]:zoom-in-95 data-[state=closed]:slide-out-to-left-1/2 data-[state=closed]:slide-out-to-top-[48%] data-[state=open]:slide-in-from-left-1/2 data-[state=open]:slide-in-from-top-[48%] sm:rounded-lg',
          props.class,
        )"
    >
      <slot />

      <DialogClose
        class="absolute right-4 top-4 rounded-sm opacity-70 ring-offset-background transition-opacity hover:opacity-100 focus:outline-none focus:ring-2 focus:ring-ring focus:ring-offset-2 disabled:pointer-events-none data-[state=open]:bg-accent data-[state=open]:text-muted-foreground"
      >
        <X class="w-4 h-4" />
        <span class="sr-only">Close</span>
      </DialogClose>
    </DialogContent>
  </DialogPortal>
</template>
",
      "path": "ui/dialog/DialogContent.vue",
      "target": "",
      "type": "registry:ui",
    },
    {
      "content": "<script setup lang="ts">
import { cn } from '@/lib/utils'
import { DialogDescription, type DialogDescriptionProps, useForwardProps } from 'reka-ui'
import { computed, type HTMLAttributes } from 'vue'

const props = defineProps<DialogDescriptionProps & { class?: HTMLAttributes['class'] }>()

const delegatedProps = computed(() => {
  const { class: _, ...delegated } = props

  return delegated
})

const forwardedProps = useForwardProps(delegatedProps)
</script>

<template>
  <DialogDescription
    v-bind="forwardedProps"
    :class="cn('text-sm text-muted-foreground', props.class)"
  >
    <slot />
  </DialogDescription>
</template>
",
      "path": "ui/dialog/DialogDescription.vue",
      "target": "",
      "type": "registry:ui",
    },
    {
      "content": "<script setup lang="ts">
import type { HTMLAttributes } from 'vue'
import { cn } from '@/lib/utils'

const props = defineProps<{ class?: HTMLAttributes['class'] }>()
</script>

<template>
  <div
    :class="
      cn(
        'flex flex-col-reverse sm:flex-row sm:justify-end sm:gap-x-2',
        props.class,
      )
    "
  >
    <slot />
  </div>
</template>
",
      "path": "ui/dialog/DialogFooter.vue",
      "target": "",
      "type": "registry:ui",
    },
    {
      "content": "<script setup lang="ts">
import type { HTMLAttributes } from 'vue'
import { cn } from '@/lib/utils'

const props = defineProps<{
  class?: HTMLAttributes['class']
}>()
</script>

<template>
  <div
    :class="cn('flex flex-col gap-y-1.5 text-center sm:text-left', props.class)"
  >
    <slot />
  </div>
</template>
",
      "path": "ui/dialog/DialogHeader.vue",
      "target": "",
      "type": "registry:ui",
    },
    {
      "content": "<script setup lang="ts">
import { cn } from '@/lib/utils'
import { X } from 'lucide-vue-next'
import {
  DialogClose,
  DialogContent,
  type DialogContentEmits,
  type DialogContentProps,
  DialogOverlay,
  DialogPortal,
  useForwardPropsEmits,
} from 'reka-ui'
import { computed, type HTMLAttributes } from 'vue'

const props = defineProps<DialogContentProps & { class?: HTMLAttributes['class'] }>()
const emits = defineEmits<DialogContentEmits>()

const delegatedProps = computed(() => {
  const { class: _, ...delegated } = props

  return delegated
})

const forwarded = useForwardPropsEmits(delegatedProps, emits)
</script>

<template>
  <DialogPortal>
    <DialogOverlay
      class="fixed inset-0 z-50 grid place-items-center overflow-y-auto bg-black/80  data-[state=open]:animate-in data-[state=closed]:animate-out data-[state=closed]:fade-out-0 data-[state=open]:fade-in-0"
    >
      <DialogContent
        :class="
          cn(
            'relative z-50 grid w-full max-w-lg my-8 gap-4 border border-border bg-background p-6 shadow-lg duration-200 sm:rounded-lg md:w-full',
            props.class,
          )
        "
        v-bind="forwarded"
        @pointer-down-outside="(event) => {
          const originalEvent = event.detail.originalEvent;
          const target = originalEvent.target as HTMLElement;
          if (originalEvent.offsetX > target.clientWidth || originalEvent.offsetY > target.clientHeight) {
            event.preventDefault();
          }
        }"
      >
        <slot />

        <DialogClose
          class="absolute top-3 right-3 p-0.5 transition-colors rounded-md hover:bg-secondary"
        >
          <X class="w-4 h-4" />
          <span class="sr-only">Close</span>
        </DialogClose>
      </DialogContent>
    </DialogOverlay>
  </DialogPortal>
</template>
",
      "path": "ui/dialog/DialogScrollContent.vue",
      "target": "",
      "type": "registry:ui",
    },
    {
      "content": "<script setup lang="ts">
import { cn } from '@/lib/utils'
import { DialogTitle, type DialogTitleProps, useForwardProps } from 'reka-ui'
import { computed, type HTMLAttributes } from 'vue'

const props = defineProps<DialogTitleProps & { class?: HTMLAttributes['class'] }>()

const delegatedProps = computed(() => {
  const { class: _, ...delegated } = props

  return delegated
})

const forwardedProps = useForwardProps(delegatedProps)
</script>

<template>
  <DialogTitle
    v-bind="forwardedProps"
    :class="
      cn(
        'text-lg font-semibold leading-none tracking-tight',
        props.class,
      )
    "
  >
    <slot />
  </DialogTitle>
</template>
",
      "path": "ui/dialog/DialogTitle.vue",
      "target": "",
      "type": "registry:ui",
    },
    {
      "content": "<script setup lang="ts">
import { DialogTrigger, type DialogTriggerProps } from 'reka-ui'

const props = defineProps<DialogTriggerProps>()
</script>

<template>
  <DialogTrigger v-bind="props">
    <slot />
  </DialogTrigger>
</template>
",
      "path": "ui/dialog/DialogTrigger.vue",
      "target": "",
      "type": "registry:ui",
    },
    {
      "content": "export { default as Dialog } from './Dialog.vue'
export { default as DialogClose } from './DialogClose.vue'
export { default as DialogContent } from './DialogContent.vue'
export { default as DialogDescription } from './DialogDescription.vue'
export { default as DialogFooter } from './DialogFooter.vue'
export { default as DialogHeader } from './DialogHeader.vue'
export { default as DialogScrollContent } from './DialogScrollContent.vue'
export { default as DialogTitle } from './DialogTitle.vue'
export { default as DialogTrigger } from './DialogTrigger.vue'
",
      "path": "ui/dialog/index.ts",
      "target": "",
      "type": "registry:ui",
    },
  ],
  "tailwind": {},
}
`;
