// Vitest Snapshot v1, https://vitest.dev/guide/snapshot.html

exports[`transform tailwind prefix 1`] = `
"import { cva } from "class-variance-authority"
export { default as Button } from "./Button.vue"
export type { ButtonType } from "./Button.vue"

export const testVariants = cva(
  'tw-bg-background hover:tw-bg-muted tw-text-primary-foreground sm:focus:tw-text-accent-foreground',
  {
    variants: {
      variant: {
        default: 'tw-bg-primary tw-text-primary-foreground hover:tw-bg-primary/90',
      },
      size: {
        default: 'tw-h-10 tw-px-4 tw-py-2',
      },
    },
    defaultVariants: {
      variant: 'default',
    },
  },
)
"
`;

exports[`transform tailwind prefix 2`] = `
"<template>
  <div
    class="tw-bg-background hover:tw-bg-muted tw-text-primary-foreground sm:focus:tw-text-accent-foreground"
  >
    foo
  </div>
</template>
"
`;

exports[`transform tailwind prefix 3`] = `
"<template>
  <div
    class="tw-bg-background hover:tw-bg-muted tw-text-primary-foreground sm:focus:tw-text-accent-foreground"
  >
    foo
  </div>
</template>
"
`;

exports[`transform tailwind prefix 4`] = `
"<template>
  <div
    id="testing"
    v-bind="props"
    @click="handleSomething"
    :data-test="true"
    class="tw-mt-4"
    :class="
      cn(
        'tw-bg-background hover:tw-bg-muted',
        true && 'tw-text-primary-foreground sm:focus:tw-text-accent-foreground',
      )
    "
    :class="cn(buttonVariants({ variant, size }), props.class)"
    :class="
      cn(buttonVariants({ variant: 'outline' }), props.class, 'tw-bg-background')
    "
    :class="
      cn(
        'tw-flex',
        orientation === 'horizontal' ? 'tw--ml-4' : 'tw--mt-4 tw-flex-col',
        props.class,
      )
    "
  >
    foo
  </div>
</template>
"
`;

exports[`transform tailwind prefix 5`] = `
"@tailwind base;
@tailwind components;
@tailwind utilities;
 
@layer base {
  :root {
    --background: 0 0% 100%;
    --foreground: 224 71.4% 4.1%;
 
    --muted: 220 14.3% 95.9%;
    --muted-foreground: 220 8.9% 46.1%;
 
    --popover: 0 0% 100%;
    --popover-foreground: 224 71.4% 4.1%;
 
    --card: 0 0% 100%;
    --card-foreground: 224 71.4% 4.1%;
 
    --border: 220 13% 91%;
    --input: 220 13% 91%;
 
    --primary: 220.9 39.3% 11%;
    --primary-foreground: 210 20% 98%;
 
    --secondary: 220 14.3% 95.9%;
    --secondary-foreground: 220.9 39.3% 11%;
 
    --accent: 220 14.3% 95.9%;
    --accent-foreground: 220.9 39.3% 11%;
 
    --destructive: 0 84.2% 60.2%;
    --destructive-foreground: 210 20% 98%;
 
    --ring: 217.9 10.6% 64.9%;
 
    --radius: 0.5rem;
  }
 
  .dark {
    --background: 224 71.4% 4.1%;
    --foreground: 210 20% 98%;
 
    --muted: 215 27.9% 16.9%;
    --muted-foreground: 217.9 10.6% 64.9%;
 
    --popover: 224 71.4% 4.1%;
    --popover-foreground: 210 20% 98%;
 
    --card: 224 71.4% 4.1%;
    --card-foreground: 210 20% 98%;
 
    --border: 215 27.9% 16.9%;
    --input: 215 27.9% 16.9%;
 
    --primary: 210 20% 98%;
    --primary-foreground: 220.9 39.3% 11%;
 
    --secondary: 215 27.9% 16.9%;
    --secondary-foreground: 210 20% 98%;
 
    --accent: 215 27.9% 16.9%;
    --accent-foreground: 210 20% 98%;
 
    --destructive: 0 62.8% 30.6%;
    --destructive-foreground: 0 85.7% 97.3%;
 
    --ring: 215 27.9% 16.9%;
  }
}
 
@layer base {
  * {
    @apply tw-:border-border;
  }
  body {
    @apply tw-:bg-background tw-:text-foreground;
  }
}"
`;

exports[`transform tailwind prefix 6`] = `
"@tailwind base;
@tailwind components;
@tailwind utilities;
 
@layer base {
  :root {
    --background: 0 0% 100%;
    --foreground: 224 71.4% 4.1%;
 
    --muted: 220 14.3% 95.9%;
    --muted-foreground: 220 8.9% 46.1%;
 
    --popover: 0 0% 100%;
    --popover-foreground: 224 71.4% 4.1%;
 
    --card: 0 0% 100%;
    --card-foreground: 224 71.4% 4.1%;
 
    --border: 220 13% 91%;
    --input: 220 13% 91%;
 
    --primary: 220.9 39.3% 11%;
    --primary-foreground: 210 20% 98%;
 
    --secondary: 220 14.3% 95.9%;
    --secondary-foreground: 220.9 39.3% 11%;
 
    --accent: 220 14.3% 95.9%;
    --accent-foreground: 220.9 39.3% 11%;
 
    --destructive: 0 84.2% 60.2%;
    --destructive-foreground: 210 20% 98%;
 
    --ring: 217.9 10.6% 64.9%;
 
    --radius: 0.5rem;
  }
 
  .dark {
    --background: 224 71.4% 4.1%;
    --foreground: 210 20% 98%;
 
    --muted: 215 27.9% 16.9%;
    --muted-foreground: 217.9 10.6% 64.9%;
 
    --popover: 224 71.4% 4.1%;
    --popover-foreground: 210 20% 98%;
 
    --card: 224 71.4% 4.1%;
    --card-foreground: 210 20% 98%;
 
    --border: 215 27.9% 16.9%;
    --input: 215 27.9% 16.9%;
 
    --primary: 210 20% 98%;
    --primary-foreground: 220.9 39.3% 11%;
 
    --secondary: 215 27.9% 16.9%;
    --secondary-foreground: 210 20% 98%;
 
    --accent: 215 27.9% 16.9%;
    --accent-foreground: 210 20% 98%;
 
    --destructive: 0 62.8% 30.6%;
    --destructive-foreground: 0 85.7% 97.3%;
 
    --ring: 215 27.9% 16.9%;
  }
}
 
@layer base {
  * {
    @apply tw-:border-border;
  }
  body {
    @apply tw-:bg-background tw-:text-foreground;
  }
}"
`;
